******************************************************************************
             TMS320C2000 Linker PC v22.6.1                     
******************************************************************************
>> Linked Sun Jun  1 02:49:54 2025

OUTPUT FILE NAME:   <./output_TI2837x_cpu1/Controller.out>
ENTRY POINT SYMBOL: "_c_int00"  address: 000840fd


MEMORY CONFIGURATION

         name            origin    length      used     unused   attr    fill
----------------------  --------  ---------  --------  --------  ----  --------
PAGE 0:
  BOOT_RSVD             00000002   00000121  00000000  00000121  RWIX
  RAMM0                 00000124   000002dc  000000cf  0000020d  RWIX
  RAMM1                 00000400   00000400  00000300  00000100  RWIX
  RAMLS                 00008000   00003f00  00000d6e  00003192  RWIX
  RAMD1_RSVD            0000bf00   00000100  00000000  00000100  RWIX
  CPU2TOCPU1RAM         0003f800   0000037f  00000000  0000037f  RWIX
  SCOPE_FLAG_CPU2       0003fb7f   00000001  00000001  00000000  RWIX
  CPU2TOCPU1LINK        0003fb80   00000080  00000000  00000080  RWIX
  CPU1TOCPU2RAM         0003fc00   0000037f  00000000  0000037f  RWIX
  SCOPE_FLAG_CPU1       0003ff7f   00000001  00000001  00000000  RWIX
  CPU1TOCPU2LINK        0003ff80   00000080  00000000  00000080  RWIX
  BEGIN                 00080000   00000002  00000002  00000000  RWIX
  FLASH                 00080002   0003fffe  00004566  0003ba98  RWIX
  RESET                 003fffc0   00000002  00000000  00000002  RWIX

PAGE 1:
  ADCARESULT            00000b00   00000018  00000018  00000000  RWIX
  ADCBRESULT            00000b20   00000018  00000018  00000000  RWIX
  ADCCRESULT            00000b40   00000018  00000018  00000000  RWIX
  ADCDRESULT            00000b60   00000018  00000018  00000000  RWIX
  CPUTIMER0             00000c00   00000008  00000008  00000000  RWIX
  CPUTIMER1             00000c08   00000008  00000008  00000000  RWIX
  CPUTIMER2             00000c10   00000008  00000008  00000000  RWIX
  PIECTRL               00000ce0   0000001a  0000001a  00000000  RWIX
  PIEVECTTABLE          00000d00   00000200  000001c0  00000040  RWIX
  DMA                   00001000   00000200  00000000  00000200  RWIX
  CLA1                  00001400   00000080  00000000  00000080  RWIX
  CLB1LOGICCFG          00003000   00000052  00000000  00000052  RWIX
  CLB1LOGICCTRL         00003100   00000040  00000000  00000040  RWIX
  CLB1DATAEXCH          00003200   00000200  00000000  00000200  RWIX
  CLB2LOGICCFG          00003400   00000052  00000000  00000052  RWIX
  CLB2LOGICCTRL         00003500   00000040  00000000  00000040  RWIX
  CLB2DATAEXCH          00003600   00000200  00000000  00000200  RWIX
  CLB3LOGICCFG          00003800   00000052  00000000  00000052  RWIX
  CLB3LOGICCTRL         00003900   00000040  00000000  00000040  RWIX
  CLB3DATAEXCH          00003a00   00000200  00000000  00000200  RWIX
  CLB4LOGICCFG          00003c00   00000052  00000000  00000052  RWIX
  CLB4LOGICCTRL         00003d00   00000040  00000000  00000040  RWIX
  CLB4DATAEXCH          00003e00   00000200  00000000  00000200  RWIX
  EPWM1                 00004000   00000100  00000100  00000000  RWIX
  EPWM2                 00004100   00000100  00000100  00000000  RWIX
  EPWM3                 00004200   00000100  00000100  00000000  RWIX
  EPWM4                 00004300   00000100  00000100  00000000  RWIX
  EPWM5                 00004400   00000100  00000100  00000000  RWIX
  EPWM6                 00004500   00000100  00000100  00000000  RWIX
  EPWM7                 00004600   00000100  00000100  00000000  RWIX
  EPWM8                 00004700   00000100  00000100  00000000  RWIX
  EPWM9                 00004800   00000100  00000100  00000000  RWIX
  EPWM10                00004900   00000100  00000100  00000000  RWIX
  EPWM11                00004a00   00000100  00000100  00000000  RWIX
  EPWM12                00004b00   00000100  00000100  00000000  RWIX
  ECAP1                 00005000   00000020  00000000  00000020  RWIX
  ECAP2                 00005020   00000020  00000000  00000020  RWIX
  ECAP3                 00005040   00000020  00000000  00000020  RWIX
  ECAP4                 00005060   00000020  00000000  00000020  RWIX
  ECAP5                 00005080   00000020  00000000  00000020  RWIX
  ECAP6                 000050a0   00000020  00000000  00000020  RWIX
  EQEP1                 00005100   00000022  00000000  00000022  RWIX
  EQEP2                 00005140   00000022  00000000  00000022  RWIX
  EQEP3                 00005180   00000022  00000000  00000022  RWIX
  DACA                  00005c00   00000008  00000000  00000008  RWIX
  DACB                  00005c10   00000008  00000000  00000008  RWIX
  DACC                  00005c20   00000008  00000000  00000008  RWIX
  CMPSS1                00005c80   00000020  00000000  00000020  RWIX
  CMPSS2                00005ca0   00000020  00000000  00000020  RWIX
  CMPSS3                00005cc0   00000020  00000000  00000020  RWIX
  CMPSS4                00005ce0   00000020  00000000  00000020  RWIX
  CMPSS5                00005d00   00000020  00000000  00000020  RWIX
  CMPSS6                00005d20   00000020  00000000  00000020  RWIX
  CMPSS7                00005d40   00000020  00000000  00000020  RWIX
  CMPSS8                00005d60   00000020  00000000  00000020  RWIX
  SDFM1                 00005e00   00000080  00000000  00000080  RWIX
  SDFM2                 00005e80   00000080  00000000  00000080  RWIX
  MCBSPA                00006000   00000024  00000000  00000024  RWIX
  MCBSPB                00006040   00000024  00000000  00000024  RWIX
  SPIA                  00006100   00000010  00000000  00000010  RWIX
  SPIB                  00006110   00000010  00000000  00000010  RWIX
  SPIC                  00006120   00000010  00000000  00000010  RWIX
  UPP                   00006200   00000048  00000000  00000048  RWIX
  WD                    00007000   0000002b  00000000  0000002b  RWIX
  NMIINTRUPT            00007060   00000007  00000000  00000007  RWIX
  XINT                  00007070   0000000b  00000000  0000000b  RWIX
  SCIA                  00007200   00000010  00000010  00000000  RWIX
  SCIB                  00007210   00000010  00000010  00000000  RWIX
  SCIC                  00007220   00000010  00000000  00000010  RWIX
  SCID                  00007230   00000010  00000000  00000010  RWIX
  I2CA                  00007300   00000022  00000000  00000022  RWIX
  I2CB                  00007340   00000022  00000000  00000022  RWIX
  ADCA                  00007400   00000080  0000007c  00000004  RWIX
  ADCB                  00007480   00000080  0000007c  00000004  RWIX
  ADCC                  00007500   00000080  0000007c  00000004  RWIX
  ADCD                  00007580   00000080  0000007c  00000004  RWIX
  INPUTXBAR             00007900   00000020  00000000  00000020  RWIX
  XBAR                  00007920   00000020  00000000  00000020  RWIX
  SYNCSOC               00007940   00000006  00000000  00000006  RWIX
  DMACLASRCSEL          00007980   0000001a  00000000  0000001a  RWIX
  EPWMXBAR              00007a00   00000040  00000000  00000040  RWIX
  CLBXBAR               00007a40   00000040  00000000  00000040  RWIX
  OUTPUTXBAR            00007a80   00000040  00000000  00000040  RWIX
  GPIOCTRL              00007c00   00000180  00000180  00000000  RWIX
  GPIODATA              00007f00   00000030  00000030  00000000  RWIX
  EMIF1                 00047000   00000070  00000000  00000070  RWIX
  EMIF2                 00047800   00000070  00000000  00000070  RWIX
  CANA                  00048000   00000200  00000000  00000200  RWIX
  CANB                  0004a000   00000200  00000000  00000200  RWIX
  IPC                   00050000   00000024  00000000  00000024  RWIX
  FLASHPUMPSEMAPHORE    00050024   00000002  00000000  00000002  RWIX
  DEVCFG                0005d000   0000012e  0000012e  00000000  RWIX
  ANALOGSUBSYS          0005d180   00000048  0000003e  0000000a  RWIX
  CLKCFG                0005d200   00000032  00000032  00000000  RWIX
  CPUSYS                0005d300   00000082  00000082  00000000  RWIX
  ROMPREFETCH           0005e608   00000002  00000000  00000002  RWIX
  DCSMZ1                0005f000   00000024  00000000  00000024  RWIX
  DCSMZ2                0005f040   00000024  00000000  00000024  RWIX
  DCSMCOMMON            0005f070   00000008  00000000  00000008  RWIX
  MEMCFG                0005f400   00000080  00000076  0000000a  RWIX
  EMIF1CONFIG           0005f480   00000020  00000000  00000020  RWIX
  EMIF2CONFIG           0005f4a0   00000020  00000000  00000020  RWIX
  ACCESSPROTECTION      0005f4c0   00000040  00000000  00000040  RWIX
  MEMORYERROR           0005f500   00000040  00000000  00000040  RWIX
  ROMWAITSTATE          0005f540   00000002  00000000  00000002  RWIX
  FLASH0CTRL            0005f800   00000182  00000000  00000182  RWIX
  FLASH0ECC             0005fb00   00000028  00000000  00000028  RWIX


SECTION ALLOCATION MAP

 output                                  attributes/
section   page    origin      length       input sections
--------  ----  ----------  ----------   ----------------
AdcaResultRegsFile 
*          1    00000b00    00000018     UNINITIALIZED
                  00000b00    00000018     F2837xD_GlobalVariableDefs.obj (AdcaResultRegsFile)

AdcbResultRegsFile 
*          1    00000b20    00000018     UNINITIALIZED
                  00000b20    00000018     F2837xD_GlobalVariableDefs.obj (AdcbResultRegsFile)

AdccResultRegsFile 
*          1    00000b40    00000018     UNINITIALIZED
                  00000b40    00000018     F2837xD_GlobalVariableDefs.obj (AdccResultRegsFile)

AdcdResultRegsFile 
*          1    00000b60    00000018     UNINITIALIZED
                  00000b60    00000018     F2837xD_GlobalVariableDefs.obj (AdcdResultRegsFile)

PieVectTableFile 
*          1    00000d00    000001c0     UNINITIALIZED
                  00000d00    000001c0     F2837xD_GlobalVariableDefs.obj (PieVectTableFile)

EmuKeyVar 
*          1    00000d00    00000000     UNINITIALIZED

EmuBModeVar 
*          1    00000d00    00000000     UNINITIALIZED

EmuBootPinsVar 
*          1    00000d00    00000000     UNINITIALIZED

FlashCallbackVar 
*          1    00000d00    00000000     UNINITIALIZED

FlashScalingVar 
*          1    00000d00    00000000     UNINITIALIZED

AdcaRegsFile 
*          1    00007400    0000007c     UNINITIALIZED
                  00007400    0000007c     F2837xD_GlobalVariableDefs.obj (AdcaRegsFile)

AdcbRegsFile 
*          1    00007480    0000007c     UNINITIALIZED
                  00007480    0000007c     F2837xD_GlobalVariableDefs.obj (AdcbRegsFile)

AdccRegsFile 
*          1    00007500    0000007c     UNINITIALIZED
                  00007500    0000007c     F2837xD_GlobalVariableDefs.obj (AdccRegsFile)

AdcdRegsFile 
*          1    00007580    0000007c     UNINITIALIZED
                  00007580    0000007c     F2837xD_GlobalVariableDefs.obj (AdcdRegsFile)

AnalogSubsysRegsFile 
*          1    0005d180    0000003e     UNINITIALIZED
                  0005d180    0000003e     F2837xD_GlobalVariableDefs.obj (AnalogSubsysRegsFile)

ClkCfgRegsFile 
*          1    0005d200    00000032     UNINITIALIZED
                  0005d200    00000032     F2837xD_GlobalVariableDefs.obj (ClkCfgRegsFile)

.stack     0    00000400    00000300     UNINITIALIZED
                  00000400    00000300     --HOLE--

.bss       0    00008000    00000576     UNINITIALIZED
                  00008000    000003e2     Controller_hal.obj (.bss)
                  000083e2    0000009c     Controller_hal.obj (.bss:AdcObj)
                  0000847e    00000002     Controller_hal.obj (.bss:EpwmHandles)
                  00008480    00000036     dispatcher.obj (.bss)
                  000084b6    00000006     Controller_hal.obj (.bss:EpwmObj)
                  000084bc    00000004     Controller_hal.obj (.bss:AdcHandles)
                  000084c0    00000034     Controller.obj (.bss)
                  000084f4    00000006     Controller_hal.obj (.bss:SciObjs)
                  000084fa    00000004     Controller.obj (.bss:Controller_deriv)
                  000084fe    00000002     Controller_hal.obj (.bss:SciHandles)
                  00008500    00000026     power.obj (.bss)
                  00008526    00000014     Controller_hal.obj (.bss:TaskObj)
                  0000853a    00000004     Controller.obj (.bss:Controller_tickHi)
                  0000853e    00000002     ain_type4.obj (.bss)
                  00008540    0000001e     dio_2837x.obj (.bss)
                  0000855e    00000010     Controller_hal.obj (.bss:DoutObj)
                  0000856e    00000004     Controller.obj (.bss:Controller_tickLo)
                  00008572    00000004     Controller_hal.obj (.bss:DoutHandles)

scopeflag_remote 
*          0    0003fb7f    00000001     UNINITIALIZED
                  0003fb7f    00000001     Controller_hal.obj (scopeflag_remote:retain)

codestart 
*          0    00080000    00000002     
                  00080000    00000002     F2837xD_CodeStartBranch.obj (codestart)

.text      0    00080160    0000401c     
                  00080160    00000855     Controller_hal.obj (.text)
                  000809b5    0000061f     pil_c28_fpu32_eabi.lib : probes.obj (.text)
                  00080fd4    000005c4                            : scope.obj (.text)
                  00081598    000005c0     plx_driverlib_fpu32_eabi.lib : sysctl.obj (.text)
                  00081b58    00000585     F2837xD_DefaultISR.obj (.text:retain)
                  000820dd    00000476     pil_c28_fpu32_eabi.lib : pil.obj (.text)
                  00082553    0000036e     epwm_type4.obj (.text)
                  000828c1    00000323     pil_c28_fpu32_eabi.lib : seriallink.obj (.text)
                  00082be4    000002a7                            : dualcorelink.obj (.text)
                  00082e8b    00000262                            : basicservices.obj (.text)
                  000830ed    000001f9                            : remoteagent.obj (.text)
                  000832e6    000001eb     plx_driverlib_fpu32_eabi.lib : gpio.obj (.text)
                  000834d1    0000018f     ain_type4.obj (.text)
                  00083660    00000172     pil_c28_fpu32_eabi.lib : parallelbridge.obj (.text)
                  000837d2    0000016f     power.obj (.text)
                  00083941    00000150     dispatcher.obj (.text)
                  00083a91    000000f2     plx_driverlib_fpu32_eabi.lib : xbar.obj (.text)
                  00083b83    000000ef     F2837xD_Adc.obj (.text)
                  00083c72    000000ed     F2837xD_DevInit.obj (.text)
                  00083d5f    00000096     plx_driverlib_fpu32_eabi.lib : cmpss.obj (.text)
                  00083df5    00000088     rts2800_fpu32_eabi.lib : fs_div28.asm.obj (.text)
                  00083e7d    0000007e     dio_2837x.obj (.text)
                  00083efb    00000064     pil_c28_fpu32_eabi.lib : ringbuf.obj (.text)
                  00083f5f    00000058     sci_2837x.obj (.text)
                  00083fb7    00000037     Controller_hal.obj (.text:retain)
                  00083fee    00000030     rts2800_fpu32_eabi.lib : copy_decompress_lzss.c.obj (.text:decompress:lzss)
                  0008401e    0000002b                            : autoinit.c.obj (.text:__TI_auto_init_nobinit_nopinit)
                  00084049    0000002a                            : fd_cmp28.asm.obj (.text)
                  00084073    00000029                            : exit.c.obj (.text)
                  0008409c    00000023     Controller.obj (.text)
                  000840bf    00000021     Controller_main.obj (.text)
                  000840e0    0000001d     rts2800_fpu32_eabi.lib : memcpy.c.obj (.text)
                  000840fd    00000017                            : boot28.asm.obj (.text)
                  00084114    00000013     plx_driverlib_fpu32_eabi.lib : flash.obj (.text)
                  00084127    0000000c     rts2800_fpu32_eabi.lib : args_main.c.obj (.text)
                  00084133    0000000a     F2837xD_DevInit.obj (.text:retain)
                  0008413d    00000009     rts2800_fpu32_eabi.lib : _lock.c.obj (.text)
                  00084146    00000008     F2837xD_CodeStartBranch.obj (.text)
                  0008414e    00000008     rts2800_fpu32_eabi.lib : copy_decompress_none.c.obj (.text:decompress:none)
                  00084156    00000008                            : strlen.c.obj (.text)
                  0008415e    00000007     dispatcher_asm.obj (.text)
                  00084165    00000007     pil_c28_fpu32_eabi.lib : pil_f28x_dis_int.obj (.text)
                  0008416c    00000007     rts2800_fpu32_eabi.lib : memset.c.obj (.text)
                  00084173    00000006                            : copy_zero_init.c.obj (.text:decompress:ZI)
                  00084179    00000002                            : pre_init.c.obj (.text)
                  0008417b    00000001                            : startup.c.obj (.text)

.switch    0    00084514    00000018     
                  00084514    00000018     epwm_type4.obj (.switch:PLX_PWM_getRegisterBase)

CpuTimer0RegsFile 
*          1    00000c00    00000008     UNINITIALIZED
                  00000c00    00000008     F2837xD_GlobalVariableDefs.obj (CpuTimer0RegsFile)

CpuTimer1RegsFile 
*          1    00000c08    00000008     UNINITIALIZED
                  00000c08    00000008     F2837xD_GlobalVariableDefs.obj (CpuTimer1RegsFile)

CpuTimer2RegsFile 
*          1    00000c10    00000008     UNINITIALIZED
                  00000c10    00000008     F2837xD_GlobalVariableDefs.obj (CpuTimer2RegsFile)

CpuSysRegsFile 
*          1    0005d300    00000082     UNINITIALIZED
                  0005d300    00000082     F2837xD_GlobalVariableDefs.obj (CpuSysRegsFile)

DevCfgRegsFile 
*          1    0005d000    0000012e     UNINITIALIZED
                  0005d000    0000012e     F2837xD_GlobalVariableDefs.obj (DevCfgRegsFile)

EPwm1RegsFile 
*          1    00004000    00000100     UNINITIALIZED
                  00004000    00000100     F2837xD_GlobalVariableDefs.obj (EPwm1RegsFile)

EPwm2RegsFile 
*          1    00004100    00000100     UNINITIALIZED
                  00004100    00000100     F2837xD_GlobalVariableDefs.obj (EPwm2RegsFile)

EPwm3RegsFile 
*          1    00004200    00000100     UNINITIALIZED
                  00004200    00000100     F2837xD_GlobalVariableDefs.obj (EPwm3RegsFile)

EPwm4RegsFile 
*          1    00004300    00000100     UNINITIALIZED
                  00004300    00000100     F2837xD_GlobalVariableDefs.obj (EPwm4RegsFile)

EPwm5RegsFile 
*          1    00004400    00000100     UNINITIALIZED
                  00004400    00000100     F2837xD_GlobalVariableDefs.obj (EPwm5RegsFile)

EPwm6RegsFile 
*          1    00004500    00000100     UNINITIALIZED
                  00004500    00000100     F2837xD_GlobalVariableDefs.obj (EPwm6RegsFile)

EPwm7RegsFile 
*          1    00004600    00000100     UNINITIALIZED
                  00004600    00000100     F2837xD_GlobalVariableDefs.obj (EPwm7RegsFile)

EPwm8RegsFile 
*          1    00004700    00000100     UNINITIALIZED
                  00004700    00000100     F2837xD_GlobalVariableDefs.obj (EPwm8RegsFile)

EPwm9RegsFile 
*          1    00004800    00000100     UNINITIALIZED
                  00004800    00000100     F2837xD_GlobalVariableDefs.obj (EPwm9RegsFile)

EPwm10RegsFile 
*          1    00004900    00000100     UNINITIALIZED
                  00004900    00000100     F2837xD_GlobalVariableDefs.obj (EPwm10RegsFile)

EPwm11RegsFile 
*          1    00004a00    00000100     UNINITIALIZED
                  00004a00    00000100     F2837xD_GlobalVariableDefs.obj (EPwm11RegsFile)

EPwm12RegsFile 
*          1    00004b00    00000100     UNINITIALIZED
                  00004b00    00000100     F2837xD_GlobalVariableDefs.obj (EPwm12RegsFile)

GpioCtrlRegsFile 
*          1    00007c00    00000180     UNINITIALIZED
                  00007c00    00000180     F2837xD_GlobalVariableDefs.obj (GpioCtrlRegsFile)

GpioDataRegsFile 
*          1    00007f00    00000030     UNINITIALIZED
                  00007f00    00000030     F2837xD_GlobalVariableDefs.obj (GpioDataRegsFile)

MemCfgRegsFile 
*          1    0005f400    00000076     UNINITIALIZED
                  0005f400    00000076     F2837xD_GlobalVariableDefs.obj (MemCfgRegsFile)

PieCtrlRegsFile 
*          1    00000ce0    0000001a     UNINITIALIZED
                  00000ce0    0000001a     F2837xD_GlobalVariableDefs.obj (PieCtrlRegsFile)

SciaRegsFile 
*          1    00007200    00000010     UNINITIALIZED
                  00007200    00000010     F2837xD_GlobalVariableDefs.obj (SciaRegsFile)

ScibRegsFile 
*          1    00007210    00000010     UNINITIALIZED
                  00007210    00000010     F2837xD_GlobalVariableDefs.obj (ScibRegsFile)

scope      0    00008576    000007e4     UNINITIALIZED
                  00008576    000007e4     Controller_hal.obj (scope)

scopeflag_local 
*          0    0003ff7f    00000001     UNINITIALIZED
                  0003ff7f    00000001     Controller_hal.obj (scopeflag_local:retain)

step       0    0008417c    000001c8     
                  0008417c    000001c8     Controller.obj (step)

dispatch   0    00084344    00000100     
                  00084344    00000100     dispatcher.obj (dispatch)

.cinit     0    0008452c    00000040     
                  0008452c    0000000d     (.cinit..data.load) [load image, compression = lzss]
                  00084539    00000001     --HOLE-- [fill = 0]
                  0008453a    00000006     (__TI_handler_table)
                  00084540    00000004     (.cinit..bss.load) [load image, compression = zero_init]
                  00084544    00000004     (.cinit.PieVectTableFile.load) [load image, compression = zero_init]
                  00084548    00000004     (.cinit.scope.load) [load image, compression = zero_init]
                  0008454c    00000004     (.cinit.scopeflag_local.load) [load image, compression = zero_init]
                  00084550    00000004     (.cinit.scopeflag_remote.load) [load image, compression = zero_init]
                  00084554    00000018     (__TI_cinit_table)

.init_array 
*          0    00080004    00000000     UNINITIALIZED

.const     0    00080004    0000015b     
                  00080004    000000a5     dispatcher.obj (.const:.string)
                  000800a9    00000010     pil_c28_fpu32_eabi.lib : seriallink.obj (.const:PIL_SLINK_crc16Lookup)
                  000800b9    00000006     Controller_hal.obj (.const)
                  000800bf    00000001     --HOLE-- [fill = 0]
                  000800c0    00000043     Controller_hal.obj (.const:pilv)
                  00080103    00000001     --HOLE-- [fill = 0]
                  00080104    00000029     Controller.obj (.const:.string)
                  0008012d    00000001     --HOLE-- [fill = 0]
                  0008012e    0000000a     Controller.obj (.const:Controller_ExtModeSignals)
                  00080138    00000008     Controller.obj (.const:Controller_sampleTime)
                  00080140    0000001c     Controller_hal.obj (.const:pilv:retain)
                  0008015c    00000002     Controller.obj (.const)
                  0008015e    00000001     Controller_hal.obj (.const:.string)

.data      0    00008d5a    00000014     UNINITIALIZED
                  00008d5a    00000006     Controller_hal.obj (.data)
                  00008d60    00000006     rts2800_fpu32_eabi.lib : exit.c.obj (.data)
                  00008d66    00000004     Controller.obj (.data)
                  00008d6a    00000002     rts2800_fpu32_eabi.lib : _lock.c.obj (.data:_lock)
                  00008d6c    00000002                            : _lock.c.obj (.data:_unlock)

ramfuncs   0    00084444    00000000     UNINITIALIZEDRUN ADDR = 00000124

.TI.ramfunc 
*          0    00084444    000000cf     RUN ADDR = 00000124
                  00084444    000000cb     plx_driverlib_fpu32_eabi.lib : flash.obj (.TI.ramfunc)
                  0008450f    00000004                                  : sysctl.obj (.TI.ramfunc)

.reset     0    003fffc0    00000000     DSECT

MODULE SUMMARY

       Module                           code    ro data   rw data
       ------                           ----    -------   -------
    .\output_TI2837x_cpu1\
       Controller_hal.obj               2188    102       3238   
       F2837xD_GlobalVariableDefs.obj   0       0         5288   
       F2837xD_DefaultISR.obj           1413    0         0      
       epwm_type4.obj                   878     24        0      
       dispatcher.obj                   592     165       54     
       Controller.obj                   491     61        68     
       power.obj                        367     0         38     
       ain_type4.obj                    399     0         2      
       F2837xD_DevInit.obj              247     0         0      
       F2837xD_Adc.obj                  239     0         0      
       dio_2837x.obj                    126     0         30     
       sci_2837x.obj                    88      0         0      
       Controller_main.obj              33      0         0      
       F2837xD_CodeStartBranch.obj      10      0         0      
       dispatcher_asm.obj               7       0         0      
    +--+--------------------------------+-------+---------+---------+
       Total:                           7078    352       8718   
                                                                 
    C:\Users\hjroyal\AppData\Local\Programs\PLECS C2000 TSP\cgt\ti-cgt-c2000_22.6.1.LTS\lib\rts2800_fpu32_eabi.lib
       fs_div28.asm.obj                 136     0         0      
       copy_decompress_lzss.c.obj       48      0         0      
       exit.c.obj                       41      0         6      
       autoinit.c.obj                   43      0         0      
       fd_cmp28.asm.obj                 42      0         0      
       memcpy.c.obj                     29      0         0      
       boot28.asm.obj                   23      0         0      
       _lock.c.obj                      9       0         4      
       args_main.c.obj                  12      0         0      
       copy_decompress_none.c.obj       8       0         0      
       strlen.c.obj                     8       0         0      
       memset.c.obj                     7       0         0      
       copy_zero_init.c.obj             6       0         0      
       pre_init.c.obj                   2       0         0      
       startup.c.obj                    1       0         0      
    +--+--------------------------------+-------+---------+---------+
       Total:                           415     0         10     
                                                                 
    C:\app\modeling\plecs\C2000TSP\tsp_ti_c2000\ccs\2837x\..\pil\pil_c28_fpu32_eabi.lib
       probes.obj                       1567    0         0      
       scope.obj                        1476    0         0      
       pil.obj                          1142    0         0      
       seriallink.obj                   803     16        0      
       dualcorelink.obj                 679     0         0      
       basicservices.obj                610     0         0      
       remoteagent.obj                  505     0         0      
       parallelbridge.obj               370     0         0      
       ringbuf.obj                      100     0         0      
       pil_f28x_dis_int.obj             7       0         0      
    +--+--------------------------------+-------+---------+---------+
       Total:                           7259    16        0      
                                                                 
    C:\app\modeling\plecs\C2000TSP\tsp_ti_c2000\ccs\2837x\tisrc\driverlib\plx_driverlib_fpu32_eabi.lib
       sysctl.obj                       1480    0         0      
       gpio.obj                         491     0         0      
       flash.obj                        425     0         0      
       xbar.obj                         242     0         0      
       cmpss.obj                        150     0         0      
    +--+--------------------------------+-------+---------+---------+
       Total:                           2788    0         0      
                                                                 
       Stack:                           0       0         768    
       Linker Generated:                0       63        0      
    +--+--------------------------------+-------+---------+---------+
       Grand Total:                     17540   431       9496   


LINKER GENERATED COPY TABLES

__TI_cinit_table @ 00084554 records: 6, size/record: 4, table size: 24
	.data: load addr=0008452c, load size=0000000d bytes, run addr=00008d5a, run size=00000014 bytes, compression=lzss
	.bss: load addr=00084540, load size=00000004 bytes, run addr=00008000, run size=00000576 bytes, compression=zero_init
	PieVectTableFile: load addr=00084544, load size=00000004 bytes, run addr=00000d00, run size=000001c0 bytes, compression=zero_init
	scope: load addr=00084548, load size=00000004 bytes, run addr=00008576, run size=000007e4 bytes, compression=zero_init
	scopeflag_local: load addr=0008454c, load size=00000004 bytes, run addr=0003ff7f, run size=00000001 bytes, compression=zero_init
	scopeflag_remote: load addr=00084550, load size=00000004 bytes, run addr=0003fb7f, run size=00000001 bytes, compression=zero_init


LINKER GENERATED HANDLER TABLE

__TI_handler_table @ 0008453a records: 3, size/record: 2, table size: 6
	index: 0, handler: __TI_zero_init
	index: 1, handler: __TI_decompress_lzss
	index: 2, handler: __TI_decompress_none


GLOBAL DATA SYMBOLS: SORTED BY DATA PAGE

address     data page           name
--------    ----------------    ----
00000400      10 (00000400)     __stack

00000b00      2c (00000b00)     AdcaResultRegs
00000b20      2c (00000b00)     AdcbResultRegs

00000b40      2d (00000b40)     AdccResultRegs
00000b60      2d (00000b40)     AdcdResultRegs

00000c00      30 (00000c00)     CpuTimer0Regs
00000c08      30 (00000c00)     CpuTimer1Regs
00000c10      30 (00000c00)     CpuTimer2Regs

00000ce0      33 (00000cc0)     PieCtrlRegs

00000d00      34 (00000d00)     PieVectTable

00004000     100 (00004000)     EPwm1Regs

00004100     104 (00004100)     EPwm2Regs

00004200     108 (00004200)     EPwm3Regs

00004300     10c (00004300)     EPwm4Regs

00004400     110 (00004400)     EPwm5Regs

00004500     114 (00004500)     EPwm6Regs

00004600     118 (00004600)     EPwm7Regs

00004700     11c (00004700)     EPwm8Regs

00004800     120 (00004800)     EPwm9Regs

00004900     124 (00004900)     EPwm10Regs

00004a00     128 (00004a00)     EPwm11Regs

00004b00     12c (00004b00)     EPwm12Regs

00007200     1c8 (00007200)     SciaRegs
00007210     1c8 (00007200)     ScibRegs

00007400     1d0 (00007400)     AdcaRegs

00007480     1d2 (00007480)     AdcbRegs

00007500     1d4 (00007500)     AdccRegs

00007580     1d6 (00007580)     AdcdRegs

00007c00     1f0 (00007c00)     GpioCtrlRegs

00007f00     1fc (00007f00)     GpioDataRegs

00008040     201 (00008040)     PilObj

000083e2     20f (000083c0)     AdcObj

0000847e     211 (00008440)     EpwmHandles

00008480     212 (00008480)     DisprHandle
00008482     212 (00008480)     DisprObj
000084b6     212 (00008480)     EpwmObj
000084bc     212 (00008480)     AdcHandles

000084c0     213 (000084c0)     Controller_errorStatus
000084c2     213 (000084c0)     Controller_X
000084cc     213 (000084c0)     Controller_B
000084f4     213 (000084c0)     SciObjs
000084fe     213 (000084c0)     SciHandles

00008500     214 (00008500)     PLX_PWR_SHandle
00008502     214 (00008500)     PLX_PWR_SObj
00008526     214 (00008500)     TaskObj

0000855e     215 (00008540)     DoutObj
00008572     215 (00008540)     DoutHandles
00008576     215 (00008540)     ScopeBuffer

00008d5e     235 (00008d40)     PilHandle
00008d60     235 (00008d40)     __TI_enable_exit_profile_output
00008d62     235 (00008d40)     __TI_cleanup_ptr
00008d64     235 (00008d40)     __TI_dtors_ptr
00008d66     235 (00008d40)     Controller_P
00008d6a     235 (00008d40)     _lock
00008d6c     235 (00008d40)     _unlock

0003fb7f     fed (0003fb40)     ScopeFlagCpuRemote

0003ff7f     ffd (0003ff40)     ScopeFlagCpuThis

0005d000    1740 (0005d000)     DevCfgRegs

0005d180    1746 (0005d180)     AnalogSubsysRegs

0005d200    1748 (0005d200)     ClkCfgRegs

0005d300    174c (0005d300)     CpuSysRegs

0005f400    17d0 (0005f400)     MemCfgRegs

000800a9    2002 (00080080)     PIL_SLINK_crc16Lookup

000800c0    2003 (000800c0)     PIL_D_FrameworkVersion
000800c1    2003 (000800c0)     PIL_D_StationAddress
000800c2    2003 (000800c0)     PIL_D_BaudRate
000800c4    2003 (000800c0)     PIL_D_Guid
000800cc    2003 (000800c0)     PIL_D_CompiledBy
000800d8    2003 (000800c0)     PIL_D_CompiledDate
000800ec    2003 (000800c0)     PIL_D_FirmwareDescription

0008012e    2004 (00080100)     Controller_ExtModeSignals
00080138    2004 (00080100)     Controller_sampleTime

00080140    2005 (00080140)     PIL_C_ExtMode_targetFloat_Size
00080142    2005 (00080140)     PIL_C_ExtMode_targetPointer_Size
00080144    2005 (00080140)     PIL_C_ExtMode_sampleTime_Ptr
00080146    2005 (00080140)     PIL_C_ExtMode_checksum_Ptr
00080148    2005 (00080140)     PIL_C_ExtMode_P_Ptr
0008014a    2005 (00080140)     PIL_C_ExtMode_P_Size
0008014c    2005 (00080140)     PIL_C_ExtMode_ExtModeSignals_Ptr
0008014e    2005 (00080140)     PIL_C_ExtMode_ExtModeSignals_Size
00080150    2005 (00080140)     PIL_V_ScopeFlagCpuRemote
00080156    2005 (00080140)     PIL_V_ScopeFlagCpuThis
0008015c    2005 (00080140)     Controller_checksum


GLOBAL SYMBOLS: SORTED ALPHABETICALLY BY Name 

page  address   name                                 
----  -------   ----                                 
0     000820d3  ADCA1_ISR                            
0     000820c9  ADCA2_ISR                            
0     000820bf  ADCA3_ISR                            
0     000820b5  ADCA4_ISR                            
0     000820ab  ADCA_EVT_ISR                         
0     000820a1  ADCB1_ISR                            
0     00082097  ADCB2_ISR                            
0     0008208d  ADCB3_ISR                            
0     00082083  ADCB4_ISR                            
0     00082079  ADCB_EVT_ISR                         
0     0008206f  ADCC1_ISR                            
0     00082065  ADCC2_ISR                            
0     0008205b  ADCC3_ISR                            
0     00082051  ADCC4_ISR                            
0     00082047  ADCC_EVT_ISR                         
0     0008203d  ADCD1_ISR                            
0     00082033  ADCD2_ISR                            
0     00082029  ADCD3_ISR                            
0     0008201f  ADCD4_ISR                            
0     00082015  ADCD_EVT_ISR                         
0     0008200b  AUX_PLL_SLIP_ISR                     
0     000084bc  AdcHandles                           
0     000083e2  AdcObj                               
0     00083bbb  AdcSetMode                           
1     00007400  AdcaRegs                             
1     00000b00  AdcaResultRegs                       
1     00007480  AdcbRegs                             
1     00000b20  AdcbResultRegs                       
1     00007500  AdccRegs                             
1     00000b40  AdccResultRegs                       
1     00007580  AdcdRegs                             
1     00000b60  AdcdResultRegs                       
1     0005d180  AnalogSubsysRegs                     
0     00084073  C$$EXIT                              
0     00082001  CANA0_ISR                            
0     00081ff7  CANA1_ISR                            
0     00081fed  CANB0_ISR                            
0     00081fe3  CANB1_ISR                            
0     00081fd9  CLA1_1_ISR                           
0     00081fcf  CLA1_2_ISR                           
0     00081fc5  CLA1_3_ISR                           
0     00081fbb  CLA1_4_ISR                           
0     00081fb1  CLA1_5_ISR                           
0     00081fa7  CLA1_6_ISR                           
0     00081f9d  CLA1_7_ISR                           
0     00081f93  CLA1_8_ISR                           
0     00081f89  CLA_OVERFLOW_ISR                     
0     00081f7f  CLA_UNDERFLOW_ISR                    
0     00083d5f  CMPSS_configFilterHigh               
0     00083d82  CMPSS_configFilterLow                
0     00083da5  CMPSS_configLatchOnPWMSYNC           
0     00083dc7  CMPSS_configRamp                     
0     00083b83  CalAdcINL                            
1     0005d200  ClkCfgRegs                           
0     000084cc  Controller_B                         
0     0008012e  Controller_ExtModeSignals            
0     00008d66  Controller_P                         
0     000084c2  Controller_X                         
0     000801dd  Controller_background                
0     00083fb7  Controller_baseTaskInterrupt         
0     0008015c  Controller_checksum                  
0     00080160  Controller_enableTasksInterrupt      
0     000084c0  Controller_errorStatus               
0     000805eb  Controller_initHal                   
0     0008409d  Controller_initialize                
0     00080138  Controller_sampleTime                
0     0008417c  Controller_step                      
0     000801d8  Controller_syncTimers                
0     0008409c  Controller_terminate                 
1     0005d300  CpuSysRegs                           
1     00000c00  CpuTimer0Regs                        
1     00000c08  CpuTimer1Regs                        
1     00000c10  CpuTimer2Regs                        
0     00081f75  DATALOG_ISR                          
0     00083954  DISPR_background                     
0     00083a6f  DISPR_configure                      
0     0008415e  DISPR_disableInt                     
0     00084344  DISPR_dispatch                       
0     00083a69  DISPR_registerIdleTask               
0     00083a63  DISPR_registerPanicCallback          
0     00083a5d  DISPR_registerSyncCallback           
0     00083a17  DISPR_registerTask                   
0     00083941  DISPR_reset                          
0     00084162  DISPR_restoreInt                     
0     00083a11  DISPR_setPowerupDelay                
0     00083a03  DISPR_sinit                          
0     000839c8  DISPR_start                          
0     00081f6b  DMA_CH1_ISR                          
0     00081f61  DMA_CH2_ISR                          
0     00081f57  DMA_CH3_ISR                          
0     00081f4d  DMA_CH4_ISR                          
0     00081f43  DMA_CH5_ISR                          
0     00081f39  DMA_CH6_ISR                          
1     0005d000  DevCfgRegs                           
0     00083d21  DevInit                              
0     00008480  DisprHandle                          
0     00008482  DisprObj                             
0     00008572  DoutHandles                          
0     0000855e  DoutObj                              
0     00081f2f  ECAP1_ISR                            
0     00081f25  ECAP2_ISR                            
0     00081f1b  ECAP3_ISR                            
0     00081f11  ECAP4_ISR                            
0     00081f07  ECAP5_ISR                            
0     00081efd  ECAP6_ISR                            
0     00081ef3  EMIF_ERROR_ISR                       
0     00081ee6  EMPTY_ISR                            
0     00081edc  EMU_ISR                              
0     00081ed2  EPWM10_ISR                           
0     00081ec8  EPWM10_TZ_ISR                        
0     00081ebe  EPWM11_ISR                           
0     00081eb4  EPWM11_TZ_ISR                        
0     00081eaa  EPWM12_ISR                           
0     00081ea0  EPWM12_TZ_ISR                        
0     00081e96  EPWM1_ISR                            
0     00081e8c  EPWM1_TZ_ISR                         
0     00081e82  EPWM2_ISR                            
0     00081e78  EPWM2_TZ_ISR                         
0     00081e6e  EPWM3_ISR                            
0     00081e64  EPWM3_TZ_ISR                         
0     00081e5a  EPWM4_ISR                            
0     00081e50  EPWM4_TZ_ISR                         
0     00081e46  EPWM5_ISR                            
0     00081e3c  EPWM5_TZ_ISR                         
0     00081e32  EPWM6_ISR                            
0     00081e28  EPWM6_TZ_ISR                         
0     00081e1e  EPWM7_ISR                            
0     00081e14  EPWM7_TZ_ISR                         
0     00081e0a  EPWM8_ISR                            
0     00081e00  EPWM8_TZ_ISR                         
0     00081df6  EPWM9_ISR                            
0     00081dec  EPWM9_TZ_ISR                         
1     00004900  EPwm10Regs                           
1     00004a00  EPwm11Regs                           
1     00004b00  EPwm12Regs                           
1     00004000  EPwm1Regs                            
1     00004100  EPwm2Regs                            
1     00004200  EPwm3Regs                            
1     00004300  EPwm4Regs                            
1     00004400  EPwm5Regs                            
1     00004500  EPwm6Regs                            
1     00004600  EPwm7Regs                            
1     00004700  EPwm8Regs                            
1     00004800  EPwm9Regs                            
0     00081de2  EQEP1_ISR                            
0     00081dd8  EQEP2_ISR                            
0     00081dce  EQEP3_ISR                            
0     0000847e  EpwmHandles                          
0     000084b6  EpwmObj                              
0     00081dc4  FLASH_CORRECTABLE_ERROR_ISR          
0     00081dba  FPU_OVERFLOW_ISR                     
0     00081db0  FPU_UNDERFLOW_ISR                    
0     000001ac  Flash_initModule                     
0     000001d3  Flash_powerDown                      
0     000001e3  Flash_wakeFromLPM                    
0     0008331a  GPIO_getDirectionMode                
0     000833a3  GPIO_getPadConfig                    
0     00083403  GPIO_getQualificationMode            
0     00083472  GPIO_setAnalogMode                   
0     00083446  GPIO_setControllerCore               
0     000832f3  GPIO_setDirectionMode                
0     00083330  GPIO_setInterruptPin                 
0     0008335b  GPIO_setPadConfig                    
0     0008349a  GPIO_setPinConfig                    
0     000833d7  GPIO_setQualificationMode            
0     00083424  GPIO_setQualificationPeriod          
1     00007c00  GpioCtrlRegs                         
1     00007f00  GpioDataRegs                         
0     00081da6  I2CA_FIFO_ISR                        
0     00081d9c  I2CA_ISR                             
0     00081d92  I2CB_FIFO_ISR                        
0     00081d88  I2CB_ISR                             
0     00081d7e  ILLEGAL_ISR                          
0     00081d74  IPC0_ISR                             
0     00081d6a  IPC1_ISR                             
0     00081d60  IPC2_ISR                             
0     00081d56  IPC3_ISR                             
0     00084133  ISR_ILLEGAL                          
0     00083c7c  InitFlashHz                          
0     00081d4c  MCBSPA_RX_ISR                        
0     00081d42  MCBSPA_TX_ISR                        
0     00081d38  MCBSPB_RX_ISR                        
0     00081d2e  MCBSPB_TX_ISR                        
1     0005f400  MemCfgRegs                           
0     00083c72  MemCopy                              
0     00081d24  NMI_ISR                              
0     00081d1a  NOTUSED_ISR                          
0     00081d10  PIE_RESERVED_ISR                     
0     00082e8b  PIL_BSRVS_init                       
0     00082f4c  PIL_BSRVS_messageHandler             
0     00082eb1  PIL_BSRVS_setErrorMessage_p          
0     00082ea8  PIL_BSRVS_setWriteInterlockHandler   
0     0008014c  PIL_C_ExtMode_ExtModeSignals_Ptr     
0     0008014e  PIL_C_ExtMode_ExtModeSignals_Size    
0     00080148  PIL_C_ExtMode_P_Ptr                  
0     0008014a  PIL_C_ExtMode_P_Size                 
0     00080146  PIL_C_ExtMode_checksum_Ptr           
0     00080144  PIL_C_ExtMode_sampleTime_Ptr         
0     00080140  PIL_C_ExtMode_targetFloat_Size       
0     00080142  PIL_C_ExtMode_targetPointer_Size     
0     00082c19  PIL_DCLINK_configure                 
0     00082c22  PIL_DCLINK_getCommunicationHandle    
0     00082be4  PIL_DCLINK_init                      
0     00082e78  PIL_DCLINK_poll                      
0     00082c2d  PIL_DCLINK_setBuffer                 
0     000800c2  PIL_D_BaudRate                       
0     000800cc  PIL_D_CompiledBy                     
0     000800d8  PIL_D_CompiledDate                   
0     000800ec  PIL_D_FirmwareDescription            
0     000800c0  PIL_D_FrameworkVersion               
0     000800c4  PIL_D_Guid                           
0     000800c1  PIL_D_StationAddress                 
0     00084165  PIL_DisableInt                       
0     0008366c  PIL_PBRIDGE_configure                
0     00083660  PIL_PBRIDGE_init                     
0     000837bd  PIL_PBRIDGE_poll                     
0     00083675  PIL_PBRIDGE_setProtocol              
0     00080a04  PIL_PROBES_getActualPilMode          
0     00080a19  PIL_PROBES_getActualPilStep          
0     00080a0b  PIL_PROBES_getDesiredPilMode         
0     00080a23  PIL_PROBES_getDesiredPilStep         
0     00080a12  PIL_PROBES_getPreviousPilMode        
0     000809b5  PIL_PROBES_init                      
0     00080b57  PIL_PROBES_messageHandler            
0     000809e2  PIL_PROBES_setActualPilMode          
0     000809f8  PIL_PROBES_setActualPilStep          
0     000809ef  PIL_PROBES_setDesiredPilMode         
0     0008316c  PIL_RA_init                          
0     0008329b  PIL_RA_pollLinkReq                   
0     00083249  PIL_RA_pollLinkRsp                   
0     00083204  PIL_RA_registerService               
0     000820dd  PIL_RA_serialIn                      
0     0008322c  PIL_RA_serialIn_p                    
0     000820ec  PIL_RA_serialOut                     
0     0008323b  PIL_RA_serialOut_p                   
0     000831e0  PIL_RA_setChecksum                   
0     000831c8  PIL_RA_setGuid                       
0     000831f8  PIL_RA_setNodeAddress                
0     00083f06  PIL_RBUF_isEmpty                     
0     00083f3e  PIL_RBUF_pop                         
0     00083f14  PIL_RBUF_push                        
0     00083efb  PIL_RBUF_reset                       
0     00084169  PIL_RestoreInt                       
0     00081008  PIL_SCOPE_init                       
0     0008134c  PIL_SCOPE_messageHandler             
0     000820fa  PIL_SCOPE_sample                     
0     00081196  PIL_SCOPE_sample_p                   
0     00081028  PIL_SCOPE_setBuffer                  
0     00081045  PIL_SCOPE_setIndicator               
0     00082107  PIL_SCOPE_trigger                    
0     00081266  PIL_SCOPE_trigger_p                  
0     000800a9  PIL_SLINK_crc16Lookup                
0     000828e7  PIL_SLINK_in                         
0     000828c1  PIL_SLINK_init                       
0     000828f4  PIL_SLINK_out                        
0     0008292c  PIL_SLINK_outBufIsEmpty              
0     00082ac5  PIL_SLINK_receive                    
0     00082aa5  PIL_SLINK_send                       
0     00080150  PIL_V_ScopeFlagCpuRemote             
0     00080156  PIL_V_ScopeFlagCpuThis               
0     00082290  PIL_allowPilSimulation               
0     000823cf  PIL_backgroundCall                   
0     00082324  PIL_beginInterruptCall               
0     000821cd  PIL_configureDualCoreLink            
0     000821a7  PIL_configureParallelCom             
0     000822b8  PIL_inhibitPilSimulation             
0     00082482  PIL_init                             
0     000822e0  PIL_requestNormalMode                
0     000822f7  PIL_requestReadyMode                 
0     0008226c  PIL_setAndConfigScopeBuffer          
0     00082282  PIL_setAndConfigureScopeIndicator    
0     0008225e  PIL_setBackgroundCommCallback        
0     00082146  PIL_setChecksum                      
0     00082250  PIL_setCtrlCallback                  
0     00082114  PIL_setErrorMessage                  
0     00082122  PIL_setGuid                          
0     00082241  PIL_setNodeAddress                   
0     0008218f  PIL_setSerialComCallback             
0     00082467  PIL_setWriteInterlockHandler         
0     0008230e  PIL_simulationActive                 
0     000805cd  PLXHAL_ADC_getIn                     
0     000805ad  PLXHAL_DIO_set                       
0     000805a6  PLXHAL_DISPR_getTask0LoadInPercent   
0     000805a0  PLXHAL_DISPR_getTimeStamp0           
0     0008059a  PLXHAL_DISPR_getTimeStamp1           
0     00080594  PLXHAL_DISPR_getTimeStamp2           
0     0008058e  PLXHAL_DISPR_getTimeStamp3           
0     00080588  PLXHAL_DISPR_getTimeStampB           
0     00080582  PLXHAL_DISPR_getTimeStampD           
0     0008057c  PLXHAL_DISPR_getTimeStampP           
0     0008052e  PLXHAL_PWM_prepareSetOutToXTransition
0     000804eb  PLXHAL_PWM_setDuty                   
0     00080466  PLXHAL_PWM_setDutyAB                 
0     00080445  PLXHAL_PWM_setFallingDelay           
0     000803fd  PLXHAL_PWM_setOverflowSocDelay       
0     000803dc  PLXHAL_PWM_setRisingDelay            
0     00080333  PLXHAL_PWM_setSequence               
0     0008030a  PLXHAL_PWM_setSequenceAq             
0     000802f2  PLXHAL_PWM_setToOperational          
0     000802af  PLXHAL_PWM_setToPassive              
0     00080247  PLXHAL_PWM_setUnderflowSocDelay      
0     000838e8  PLXHAL_PWR_isEnabled                 
0     00080242  PLXHAL_PWR_setEnableRequest          
0     0008021f  PLXHAL_PWR_syncdPwmEnable            
0     000801ca  PLXHAL_SCI_getChar                   
0     0008017b  PLXHAL_SCI_handleBreak               
0     000801bc  PLXHAL_SCI_putChar                   
0     00080204  PLXHAL_SCI_putStr                    
0     0008019a  PLXHAL_SCI_rxIsReady                 
0     000801ae  PLXHAL_SCI_txIsBusy                  
0     000835c8  PLX_AIN_configure                    
0     000835c1  PLX_AIN_init                         
0     000835ae  PLX_AIN_resetChannelSetup            
0     00083566  PLX_AIN_setDefaultAdcParams          
0     00083556  PLX_AIN_setDefaultChannelParams      
0     000834d5  PLX_AIN_setupChannel                 
0     000834d1  PLX_AIN_sinit                        
0     00083edd  PLX_DIO_configureIn                  
0     00083eb8  PLX_DIO_configureOut                 
0     00083eb1  PLX_DIO_init                         
0     00083ea9  PLX_DIO_obtainDummyRead              
0     00083ea6  PLX_DIO_obtainDummyWrite             
0     00083e7d  PLX_DIO_sinit                        
0     000826ef  PLX_PWM_configure                    
0     000826ae  PLX_PWM_getRegisterBase              
0     000826a7  PLX_PWM_init                         
0     0008266d  PLX_PWM_scalePeriod                  
0     0008261d  PLX_PWM_setDefaultParams             
0     000825b7  PLX_PWM_setPhase                     
0     00082553  PLX_PWM_sinit                        
0     00008500  PLX_PWR_SHandle                      
0     00008502  PLX_PWR_SObj                         
0     0008392e  PLX_PWR_configure                    
0     000838f9  PLX_PWR_emergencyOff                 
0     000838e8  PLX_PWR_isEnabled                    
0     000838d7  PLX_PWR_isReadyForEnable             
0     000838c6  PLX_PWR_registerPwmChannel           
0     00083836  PLX_PWR_runFsm                       
0     000837e8  PLX_PWR_setEnableRequest             
0     000837d9  PLX_PWR_setPilMode                   
0     000837d2  PLX_PWR_sinit                        
0     00083fb4  PLX_SCI_configure                    
0     00083fad  PLX_SCI_init                         
0     00083f5f  PLX_SCI_setupPort                    
1     00000ce0  PieCtrlRegs                          
1     00000d00  PieVectTable                         
0     00008d5e  PilHandle                            
0     00008040  PilObj                               
0     00081d06  RAM_ACCESS_VIOLATION_ISR             
0     00081cfc  RAM_CORRECTABLE_ERROR_ISR            
0     00081cf2  RTOS_ISR                             
abs   00084513  RamfuncsLoadEnd                      
abs   000000cf  RamfuncsLoadSize                     
abs   00084444  RamfuncsLoadStart                    
abs   000001f3  RamfuncsRunEnd                       
abs   000000cf  RamfuncsRunSize                      
abs   00000124  RamfuncsRunStart                     
0     00081ce8  SCIA_RX_ISR                          
0     00081cde  SCIA_TX_ISR                          
0     00081cd4  SCIB_RX_ISR                          
0     00081cca  SCIB_TX_ISR                          
0     00081cc0  SCIC_RX_ISR                          
0     00081cb6  SCIC_TX_ISR                          
0     00081cac  SCID_RX_ISR                          
0     00081ca2  SCID_TX_ISR                          
0     00081c98  SD1_ISR                              
0     00081c8e  SD2_ISR                              
0     00081c84  SPIA_RX_ISR                          
0     00081c7a  SPIA_TX_ISR                          
0     00081c70  SPIB_RX_ISR                          
0     00081c66  SPIB_TX_ISR                          
0     00081c5c  SPIC_RX_ISR                          
0     00081c52  SPIC_TX_ISR                          
0     00081c48  SYS_PLL_SLIP_ISR                     
0     000084fe  SciHandles                           
0     000084f4  SciObjs                              
1     00007200  SciaRegs                             
1     00007210  ScibRegs                             
0     00008576  ScopeBuffer                          
0     0003fb7f  ScopeFlagCpuRemote                   
0     0003ff7f  ScopeFlagCpuThis                     
0     000001ef  SysCtl_delay                         
0     0008167a  SysCtl_getAuxClock                   
0     00081629  SysCtl_getClock                      
0     00081af0  SysCtl_getDeviceParametric           
0     00081ad6  SysCtl_getLowSpeedClock              
0     00081a63  SysCtl_selectOscSource               
0     00081a99  SysCtl_selectOscSourceAuxPLL         
0     000819d3  SysCtl_selectXTAL                    
0     000818b8  SysCtl_setAuxClock                   
0     000816bb  SysCtl_setClock                      
0     00081c3e  TIMER0_ISR                           
0     00081c34  TIMER1_ISR                           
0     00081c2a  TIMER2_ISR                           
0     00008526  TaskObj                              
0     00081c20  UPPA_ISR                             
0     00081c16  USBA_ISR                             
0     00081c0c  USER10_ISR                           
0     00081c02  USER11_ISR                           
0     00081bf8  USER12_ISR                           
0     00081bee  USER1_ISR                            
0     00081be4  USER2_ISR                            
0     00081bda  USER3_ISR                            
0     00081bd0  USER4_ISR                            
0     00081bc6  USER5_ISR                            
0     00081bbc  USER6_ISR                            
0     00081bb2  USER7_ISR                            
0     00081ba8  USER8_ISR                            
0     00081b9e  USER9_ISR                            
0     00081b94  VCU_ISR                              
0     00081b8a  WAKE_ISR                             
0     00083b55  XBAR_clearInputFlag                  
0     00083b1d  XBAR_getInputFlagStatus              
0     00083aee  XBAR_setCLBMuxConfig                 
0     00083abf  XBAR_setEPWMMuxConfig                
0     00083a91  XBAR_setOutputMuxConfig              
0     00081b80  XINT1_ISR                            
0     00081b76  XINT2_ISR                            
0     00081b6c  XINT3_ISR                            
0     00081b62  XINT4_ISR                            
0     00081b58  XINT5_ISR                            
0     00084554  __TI_CINIT_Base                      
0     0008456c  __TI_CINIT_Limit                     
0     0008456c  __TI_CINIT_Warm                      
0     0008453a  __TI_Handler_Table_Base              
0     00084540  __TI_Handler_Table_Limit             
0     00000700  __TI_STACK_END                       
abs   00000300  __TI_STACK_SIZE                      
0     0008401e  __TI_auto_init_nobinit_nopinit       
0     00008d62  __TI_cleanup_ptr                     
0     00083fee  __TI_decompress_lzss                 
0     0008414e  __TI_decompress_none                 
0     00008d64  __TI_dtors_ptr                       
0     00008d60  __TI_enable_exit_profile_output      
abs   ffffffff  __TI_pprof_out_hndl                  
abs   ffffffff  __TI_prof_data_size                  
abs   ffffffff  __TI_prof_data_start                 
0     00084173  __TI_zero_init                       
0     00084049  __c28xabi_cmpd                       
0     00083df5  __c28xabi_divf                       
n/a   UNDEFED   __c_args__                           
0     00000400  __stack                              
0     00084127  _args_main                           
0     000840fd  _c_int00                             
0     00008d6a  _lock                                
0     00084145  _nop                                 
0     00084141  _register_lock                       
0     0008413d  _register_unlock                     
0     0008417b  _system_post_cinit                   
0     00084179  _system_pre_init                     
0     00008d6c  _unlock                              
0     00084073  abort                                
0     00080000  code_start                           
0     00084075  exit                                 
0     000840bf  main                                 
0     000840e0  memcpy                               
0     0008416c  memset                               
0     00084156  strlen                               


GLOBAL SYMBOLS: SORTED BY Symbol Address 

page  address   name                                 
----  -------   ----                                 
0     000001ac  Flash_initModule                     
0     000001d3  Flash_powerDown                      
0     000001e3  Flash_wakeFromLPM                    
0     000001ef  SysCtl_delay                         
0     00000400  __stack                              
0     00000700  __TI_STACK_END                       
0     00008040  PilObj                               
0     000083e2  AdcObj                               
0     0000847e  EpwmHandles                          
0     00008480  DisprHandle                          
0     00008482  DisprObj                             
0     000084b6  EpwmObj                              
0     000084bc  AdcHandles                           
0     000084c0  Controller_errorStatus               
0     000084c2  Controller_X                         
0     000084cc  Controller_B                         
0     000084f4  SciObjs                              
0     000084fe  SciHandles                           
0     00008500  PLX_PWR_SHandle                      
0     00008502  PLX_PWR_SObj                         
0     00008526  TaskObj                              
0     0000855e  DoutObj                              
0     00008572  DoutHandles                          
0     00008576  ScopeBuffer                          
0     00008d5e  PilHandle                            
0     00008d60  __TI_enable_exit_profile_output      
0     00008d62  __TI_cleanup_ptr                     
0     00008d64  __TI_dtors_ptr                       
0     00008d66  Controller_P                         
0     00008d6a  _lock                                
0     00008d6c  _unlock                              
0     0003fb7f  ScopeFlagCpuRemote                   
0     0003ff7f  ScopeFlagCpuThis                     
0     00080000  code_start                           
0     000800a9  PIL_SLINK_crc16Lookup                
0     000800c0  PIL_D_FrameworkVersion               
0     000800c1  PIL_D_StationAddress                 
0     000800c2  PIL_D_BaudRate                       
0     000800c4  PIL_D_Guid                           
0     000800cc  PIL_D_CompiledBy                     
0     000800d8  PIL_D_CompiledDate                   
0     000800ec  PIL_D_FirmwareDescription            
0     0008012e  Controller_ExtModeSignals            
0     00080138  Controller_sampleTime                
0     00080140  PIL_C_ExtMode_targetFloat_Size       
0     00080142  PIL_C_ExtMode_targetPointer_Size     
0     00080144  PIL_C_ExtMode_sampleTime_Ptr         
0     00080146  PIL_C_ExtMode_checksum_Ptr           
0     00080148  PIL_C_ExtMode_P_Ptr                  
0     0008014a  PIL_C_ExtMode_P_Size                 
0     0008014c  PIL_C_ExtMode_ExtModeSignals_Ptr     
0     0008014e  PIL_C_ExtMode_ExtModeSignals_Size    
0     00080150  PIL_V_ScopeFlagCpuRemote             
0     00080156  PIL_V_ScopeFlagCpuThis               
0     0008015c  Controller_checksum                  
0     00080160  Controller_enableTasksInterrupt      
0     0008017b  PLXHAL_SCI_handleBreak               
0     0008019a  PLXHAL_SCI_rxIsReady                 
0     000801ae  PLXHAL_SCI_txIsBusy                  
0     000801bc  PLXHAL_SCI_putChar                   
0     000801ca  PLXHAL_SCI_getChar                   
0     000801d8  Controller_syncTimers                
0     000801dd  Controller_background                
0     00080204  PLXHAL_SCI_putStr                    
0     0008021f  PLXHAL_PWR_syncdPwmEnable            
0     00080242  PLXHAL_PWR_setEnableRequest          
0     00080247  PLXHAL_PWM_setUnderflowSocDelay      
0     000802af  PLXHAL_PWM_setToPassive              
0     000802f2  PLXHAL_PWM_setToOperational          
0     0008030a  PLXHAL_PWM_setSequenceAq             
0     00080333  PLXHAL_PWM_setSequence               
0     000803dc  PLXHAL_PWM_setRisingDelay            
0     000803fd  PLXHAL_PWM_setOverflowSocDelay       
0     00080445  PLXHAL_PWM_setFallingDelay           
0     00080466  PLXHAL_PWM_setDutyAB                 
0     000804eb  PLXHAL_PWM_setDuty                   
0     0008052e  PLXHAL_PWM_prepareSetOutToXTransition
0     0008057c  PLXHAL_DISPR_getTimeStampP           
0     00080582  PLXHAL_DISPR_getTimeStampD           
0     00080588  PLXHAL_DISPR_getTimeStampB           
0     0008058e  PLXHAL_DISPR_getTimeStamp3           
0     00080594  PLXHAL_DISPR_getTimeStamp2           
0     0008059a  PLXHAL_DISPR_getTimeStamp1           
0     000805a0  PLXHAL_DISPR_getTimeStamp0           
0     000805a6  PLXHAL_DISPR_getTask0LoadInPercent   
0     000805ad  PLXHAL_DIO_set                       
0     000805cd  PLXHAL_ADC_getIn                     
0     000805eb  Controller_initHal                   
0     000809b5  PIL_PROBES_init                      
0     000809e2  PIL_PROBES_setActualPilMode          
0     000809ef  PIL_PROBES_setDesiredPilMode         
0     000809f8  PIL_PROBES_setActualPilStep          
0     00080a04  PIL_PROBES_getActualPilMode          
0     00080a0b  PIL_PROBES_getDesiredPilMode         
0     00080a12  PIL_PROBES_getPreviousPilMode        
0     00080a19  PIL_PROBES_getActualPilStep          
0     00080a23  PIL_PROBES_getDesiredPilStep         
0     00080b57  PIL_PROBES_messageHandler            
0     00081008  PIL_SCOPE_init                       
0     00081028  PIL_SCOPE_setBuffer                  
0     00081045  PIL_SCOPE_setIndicator               
0     00081196  PIL_SCOPE_sample_p                   
0     00081266  PIL_SCOPE_trigger_p                  
0     0008134c  PIL_SCOPE_messageHandler             
0     00081629  SysCtl_getClock                      
0     0008167a  SysCtl_getAuxClock                   
0     000816bb  SysCtl_setClock                      
0     000818b8  SysCtl_setAuxClock                   
0     000819d3  SysCtl_selectXTAL                    
0     00081a63  SysCtl_selectOscSource               
0     00081a99  SysCtl_selectOscSourceAuxPLL         
0     00081ad6  SysCtl_getLowSpeedClock              
0     00081af0  SysCtl_getDeviceParametric           
0     00081b58  XINT5_ISR                            
0     00081b62  XINT4_ISR                            
0     00081b6c  XINT3_ISR                            
0     00081b76  XINT2_ISR                            
0     00081b80  XINT1_ISR                            
0     00081b8a  WAKE_ISR                             
0     00081b94  VCU_ISR                              
0     00081b9e  USER9_ISR                            
0     00081ba8  USER8_ISR                            
0     00081bb2  USER7_ISR                            
0     00081bbc  USER6_ISR                            
0     00081bc6  USER5_ISR                            
0     00081bd0  USER4_ISR                            
0     00081bda  USER3_ISR                            
0     00081be4  USER2_ISR                            
0     00081bee  USER1_ISR                            
0     00081bf8  USER12_ISR                           
0     00081c02  USER11_ISR                           
0     00081c0c  USER10_ISR                           
0     00081c16  USBA_ISR                             
0     00081c20  UPPA_ISR                             
0     00081c2a  TIMER2_ISR                           
0     00081c34  TIMER1_ISR                           
0     00081c3e  TIMER0_ISR                           
0     00081c48  SYS_PLL_SLIP_ISR                     
0     00081c52  SPIC_TX_ISR                          
0     00081c5c  SPIC_RX_ISR                          
0     00081c66  SPIB_TX_ISR                          
0     00081c70  SPIB_RX_ISR                          
0     00081c7a  SPIA_TX_ISR                          
0     00081c84  SPIA_RX_ISR                          
0     00081c8e  SD2_ISR                              
0     00081c98  SD1_ISR                              
0     00081ca2  SCID_TX_ISR                          
0     00081cac  SCID_RX_ISR                          
0     00081cb6  SCIC_TX_ISR                          
0     00081cc0  SCIC_RX_ISR                          
0     00081cca  SCIB_TX_ISR                          
0     00081cd4  SCIB_RX_ISR                          
0     00081cde  SCIA_TX_ISR                          
0     00081ce8  SCIA_RX_ISR                          
0     00081cf2  RTOS_ISR                             
0     00081cfc  RAM_CORRECTABLE_ERROR_ISR            
0     00081d06  RAM_ACCESS_VIOLATION_ISR             
0     00081d10  PIE_RESERVED_ISR                     
0     00081d1a  NOTUSED_ISR                          
0     00081d24  NMI_ISR                              
0     00081d2e  MCBSPB_TX_ISR                        
0     00081d38  MCBSPB_RX_ISR                        
0     00081d42  MCBSPA_TX_ISR                        
0     00081d4c  MCBSPA_RX_ISR                        
0     00081d56  IPC3_ISR                             
0     00081d60  IPC2_ISR                             
0     00081d6a  IPC1_ISR                             
0     00081d74  IPC0_ISR                             
0     00081d7e  ILLEGAL_ISR                          
0     00081d88  I2CB_ISR                             
0     00081d92  I2CB_FIFO_ISR                        
0     00081d9c  I2CA_ISR                             
0     00081da6  I2CA_FIFO_ISR                        
0     00081db0  FPU_UNDERFLOW_ISR                    
0     00081dba  FPU_OVERFLOW_ISR                     
0     00081dc4  FLASH_CORRECTABLE_ERROR_ISR          
0     00081dce  EQEP3_ISR                            
0     00081dd8  EQEP2_ISR                            
0     00081de2  EQEP1_ISR                            
0     00081dec  EPWM9_TZ_ISR                         
0     00081df6  EPWM9_ISR                            
0     00081e00  EPWM8_TZ_ISR                         
0     00081e0a  EPWM8_ISR                            
0     00081e14  EPWM7_TZ_ISR                         
0     00081e1e  EPWM7_ISR                            
0     00081e28  EPWM6_TZ_ISR                         
0     00081e32  EPWM6_ISR                            
0     00081e3c  EPWM5_TZ_ISR                         
0     00081e46  EPWM5_ISR                            
0     00081e50  EPWM4_TZ_ISR                         
0     00081e5a  EPWM4_ISR                            
0     00081e64  EPWM3_TZ_ISR                         
0     00081e6e  EPWM3_ISR                            
0     00081e78  EPWM2_TZ_ISR                         
0     00081e82  EPWM2_ISR                            
0     00081e8c  EPWM1_TZ_ISR                         
0     00081e96  EPWM1_ISR                            
0     00081ea0  EPWM12_TZ_ISR                        
0     00081eaa  EPWM12_ISR                           
0     00081eb4  EPWM11_TZ_ISR                        
0     00081ebe  EPWM11_ISR                           
0     00081ec8  EPWM10_TZ_ISR                        
0     00081ed2  EPWM10_ISR                           
0     00081edc  EMU_ISR                              
0     00081ee6  EMPTY_ISR                            
0     00081ef3  EMIF_ERROR_ISR                       
0     00081efd  ECAP6_ISR                            
0     00081f07  ECAP5_ISR                            
0     00081f11  ECAP4_ISR                            
0     00081f1b  ECAP3_ISR                            
0     00081f25  ECAP2_ISR                            
0     00081f2f  ECAP1_ISR                            
0     00081f39  DMA_CH6_ISR                          
0     00081f43  DMA_CH5_ISR                          
0     00081f4d  DMA_CH4_ISR                          
0     00081f57  DMA_CH3_ISR                          
0     00081f61  DMA_CH2_ISR                          
0     00081f6b  DMA_CH1_ISR                          
0     00081f75  DATALOG_ISR                          
0     00081f7f  CLA_UNDERFLOW_ISR                    
0     00081f89  CLA_OVERFLOW_ISR                     
0     00081f93  CLA1_8_ISR                           
0     00081f9d  CLA1_7_ISR                           
0     00081fa7  CLA1_6_ISR                           
0     00081fb1  CLA1_5_ISR                           
0     00081fbb  CLA1_4_ISR                           
0     00081fc5  CLA1_3_ISR                           
0     00081fcf  CLA1_2_ISR                           
0     00081fd9  CLA1_1_ISR                           
0     00081fe3  CANB1_ISR                            
0     00081fed  CANB0_ISR                            
0     00081ff7  CANA1_ISR                            
0     00082001  CANA0_ISR                            
0     0008200b  AUX_PLL_SLIP_ISR                     
0     00082015  ADCD_EVT_ISR                         
0     0008201f  ADCD4_ISR                            
0     00082029  ADCD3_ISR                            
0     00082033  ADCD2_ISR                            
0     0008203d  ADCD1_ISR                            
0     00082047  ADCC_EVT_ISR                         
0     00082051  ADCC4_ISR                            
0     0008205b  ADCC3_ISR                            
0     00082065  ADCC2_ISR                            
0     0008206f  ADCC1_ISR                            
0     00082079  ADCB_EVT_ISR                         
0     00082083  ADCB4_ISR                            
0     0008208d  ADCB3_ISR                            
0     00082097  ADCB2_ISR                            
0     000820a1  ADCB1_ISR                            
0     000820ab  ADCA_EVT_ISR                         
0     000820b5  ADCA4_ISR                            
0     000820bf  ADCA3_ISR                            
0     000820c9  ADCA2_ISR                            
0     000820d3  ADCA1_ISR                            
0     000820dd  PIL_RA_serialIn                      
0     000820ec  PIL_RA_serialOut                     
0     000820fa  PIL_SCOPE_sample                     
0     00082107  PIL_SCOPE_trigger                    
0     00082114  PIL_setErrorMessage                  
0     00082122  PIL_setGuid                          
0     00082146  PIL_setChecksum                      
0     0008218f  PIL_setSerialComCallback             
0     000821a7  PIL_configureParallelCom             
0     000821cd  PIL_configureDualCoreLink            
0     00082241  PIL_setNodeAddress                   
0     00082250  PIL_setCtrlCallback                  
0     0008225e  PIL_setBackgroundCommCallback        
0     0008226c  PIL_setAndConfigScopeBuffer          
0     00082282  PIL_setAndConfigureScopeIndicator    
0     00082290  PIL_allowPilSimulation               
0     000822b8  PIL_inhibitPilSimulation             
0     000822e0  PIL_requestNormalMode                
0     000822f7  PIL_requestReadyMode                 
0     0008230e  PIL_simulationActive                 
0     00082324  PIL_beginInterruptCall               
0     000823cf  PIL_backgroundCall                   
0     00082467  PIL_setWriteInterlockHandler         
0     00082482  PIL_init                             
0     00082553  PLX_PWM_sinit                        
0     000825b7  PLX_PWM_setPhase                     
0     0008261d  PLX_PWM_setDefaultParams             
0     0008266d  PLX_PWM_scalePeriod                  
0     000826a7  PLX_PWM_init                         
0     000826ae  PLX_PWM_getRegisterBase              
0     000826ef  PLX_PWM_configure                    
0     000828c1  PIL_SLINK_init                       
0     000828e7  PIL_SLINK_in                         
0     000828f4  PIL_SLINK_out                        
0     0008292c  PIL_SLINK_outBufIsEmpty              
0     00082aa5  PIL_SLINK_send                       
0     00082ac5  PIL_SLINK_receive                    
0     00082be4  PIL_DCLINK_init                      
0     00082c19  PIL_DCLINK_configure                 
0     00082c22  PIL_DCLINK_getCommunicationHandle    
0     00082c2d  PIL_DCLINK_setBuffer                 
0     00082e78  PIL_DCLINK_poll                      
0     00082e8b  PIL_BSRVS_init                       
0     00082ea8  PIL_BSRVS_setWriteInterlockHandler   
0     00082eb1  PIL_BSRVS_setErrorMessage_p          
0     00082f4c  PIL_BSRVS_messageHandler             
0     0008316c  PIL_RA_init                          
0     000831c8  PIL_RA_setGuid                       
0     000831e0  PIL_RA_setChecksum                   
0     000831f8  PIL_RA_setNodeAddress                
0     00083204  PIL_RA_registerService               
0     0008322c  PIL_RA_serialIn_p                    
0     0008323b  PIL_RA_serialOut_p                   
0     00083249  PIL_RA_pollLinkRsp                   
0     0008329b  PIL_RA_pollLinkReq                   
0     000832f3  GPIO_setDirectionMode                
0     0008331a  GPIO_getDirectionMode                
0     00083330  GPIO_setInterruptPin                 
0     0008335b  GPIO_setPadConfig                    
0     000833a3  GPIO_getPadConfig                    
0     000833d7  GPIO_setQualificationMode            
0     00083403  GPIO_getQualificationMode            
0     00083424  GPIO_setQualificationPeriod          
0     00083446  GPIO_setControllerCore               
0     00083472  GPIO_setAnalogMode                   
0     0008349a  GPIO_setPinConfig                    
0     000834d1  PLX_AIN_sinit                        
0     000834d5  PLX_AIN_setupChannel                 
0     00083556  PLX_AIN_setDefaultChannelParams      
0     00083566  PLX_AIN_setDefaultAdcParams          
0     000835ae  PLX_AIN_resetChannelSetup            
0     000835c1  PLX_AIN_init                         
0     000835c8  PLX_AIN_configure                    
0     00083660  PIL_PBRIDGE_init                     
0     0008366c  PIL_PBRIDGE_configure                
0     00083675  PIL_PBRIDGE_setProtocol              
0     000837bd  PIL_PBRIDGE_poll                     
0     000837d2  PLX_PWR_sinit                        
0     000837d9  PLX_PWR_setPilMode                   
0     000837e8  PLX_PWR_setEnableRequest             
0     00083836  PLX_PWR_runFsm                       
0     000838c6  PLX_PWR_registerPwmChannel           
0     000838d7  PLX_PWR_isReadyForEnable             
0     000838e8  PLXHAL_PWR_isEnabled                 
0     000838e8  PLX_PWR_isEnabled                    
0     000838f9  PLX_PWR_emergencyOff                 
0     0008392e  PLX_PWR_configure                    
0     00083941  DISPR_reset                          
0     00083954  DISPR_background                     
0     000839c8  DISPR_start                          
0     00083a03  DISPR_sinit                          
0     00083a11  DISPR_setPowerupDelay                
0     00083a17  DISPR_registerTask                   
0     00083a5d  DISPR_registerSyncCallback           
0     00083a63  DISPR_registerPanicCallback          
0     00083a69  DISPR_registerIdleTask               
0     00083a6f  DISPR_configure                      
0     00083a91  XBAR_setOutputMuxConfig              
0     00083abf  XBAR_setEPWMMuxConfig                
0     00083aee  XBAR_setCLBMuxConfig                 
0     00083b1d  XBAR_getInputFlagStatus              
0     00083b55  XBAR_clearInputFlag                  
0     00083b83  CalAdcINL                            
0     00083bbb  AdcSetMode                           
0     00083c72  MemCopy                              
0     00083c7c  InitFlashHz                          
0     00083d21  DevInit                              
0     00083d5f  CMPSS_configFilterHigh               
0     00083d82  CMPSS_configFilterLow                
0     00083da5  CMPSS_configLatchOnPWMSYNC           
0     00083dc7  CMPSS_configRamp                     
0     00083df5  __c28xabi_divf                       
0     00083e7d  PLX_DIO_sinit                        
0     00083ea6  PLX_DIO_obtainDummyWrite             
0     00083ea9  PLX_DIO_obtainDummyRead              
0     00083eb1  PLX_DIO_init                         
0     00083eb8  PLX_DIO_configureOut                 
0     00083edd  PLX_DIO_configureIn                  
0     00083efb  PIL_RBUF_reset                       
0     00083f06  PIL_RBUF_isEmpty                     
0     00083f14  PIL_RBUF_push                        
0     00083f3e  PIL_RBUF_pop                         
0     00083f5f  PLX_SCI_setupPort                    
0     00083fad  PLX_SCI_init                         
0     00083fb4  PLX_SCI_configure                    
0     00083fb7  Controller_baseTaskInterrupt         
0     00083fee  __TI_decompress_lzss                 
0     0008401e  __TI_auto_init_nobinit_nopinit       
0     00084049  __c28xabi_cmpd                       
0     00084073  C$$EXIT                              
0     00084073  abort                                
0     00084075  exit                                 
0     0008409c  Controller_terminate                 
0     0008409d  Controller_initialize                
0     000840bf  main                                 
0     000840e0  memcpy                               
0     000840fd  _c_int00                             
0     00084127  _args_main                           
0     00084133  ISR_ILLEGAL                          
0     0008413d  _register_unlock                     
0     00084141  _register_lock                       
0     00084145  _nop                                 
0     0008414e  __TI_decompress_none                 
0     00084156  strlen                               
0     0008415e  DISPR_disableInt                     
0     00084162  DISPR_restoreInt                     
0     00084165  PIL_DisableInt                       
0     00084169  PIL_RestoreInt                       
0     0008416c  memset                               
0     00084173  __TI_zero_init                       
0     00084179  _system_pre_init                     
0     0008417b  _system_post_cinit                   
0     0008417c  Controller_step                      
0     00084344  DISPR_dispatch                       
0     0008453a  __TI_Handler_Table_Base              
0     00084540  __TI_Handler_Table_Limit             
0     00084554  __TI_CINIT_Base                      
0     0008456c  __TI_CINIT_Limit                     
0     0008456c  __TI_CINIT_Warm                      
1     00000b00  AdcaResultRegs                       
1     00000b20  AdcbResultRegs                       
1     00000b40  AdccResultRegs                       
1     00000b60  AdcdResultRegs                       
1     00000c00  CpuTimer0Regs                        
1     00000c08  CpuTimer1Regs                        
1     00000c10  CpuTimer2Regs                        
1     00000ce0  PieCtrlRegs                          
1     00000d00  PieVectTable                         
1     00004000  EPwm1Regs                            
1     00004100  EPwm2Regs                            
1     00004200  EPwm3Regs                            
1     00004300  EPwm4Regs                            
1     00004400  EPwm5Regs                            
1     00004500  EPwm6Regs                            
1     00004600  EPwm7Regs                            
1     00004700  EPwm8Regs                            
1     00004800  EPwm9Regs                            
1     00004900  EPwm10Regs                           
1     00004a00  EPwm11Regs                           
1     00004b00  EPwm12Regs                           
1     00007200  SciaRegs                             
1     00007210  ScibRegs                             
1     00007400  AdcaRegs                             
1     00007480  AdcbRegs                             
1     00007500  AdccRegs                             
1     00007580  AdcdRegs                             
1     00007c00  GpioCtrlRegs                         
1     00007f00  GpioDataRegs                         
1     0005d000  DevCfgRegs                           
1     0005d180  AnalogSubsysRegs                     
1     0005d200  ClkCfgRegs                           
1     0005d300  CpuSysRegs                           
1     0005f400  MemCfgRegs                           
abs   000000cf  RamfuncsLoadSize                     
abs   000000cf  RamfuncsRunSize                      
abs   00000124  RamfuncsRunStart                     
abs   000001f3  RamfuncsRunEnd                       
abs   00000300  __TI_STACK_SIZE                      
abs   00084444  RamfuncsLoadStart                    
abs   00084513  RamfuncsLoadEnd                      
abs   ffffffff  __TI_pprof_out_hndl                  
abs   ffffffff  __TI_prof_data_size                  
abs   ffffffff  __TI_prof_data_start                 
n/a   UNDEFED   __c_args__                           

[458 symbols]
